[aist#0:0/pcm_s16le @ 0000017fa3e17f80] Guessed Channel Layout: stereo

Input #0, wav, from 'C:\Users\kazda\kiro\mage-arena-audio\docs\audio\audition\r4\arena-C-reed-oath\section-6-release.wav':

  Metadata:

    encoder         : Lavf61.9.107

  Duration: 00:00:15.00, bitrate: 1536 kb/s

  Stream #0:0: Audio: pcm_s16le ([1][0][0][0] / 0x0001), 48000 Hz, stereo, s16, 1536 kb/s

Stream mapping:

  Stream #0:0 -> #0:0 (pcm_s16le (native) -> pcm_s16le (native))

Output #0, null, to 'pipe:':

  Metadata:

    encoder         : Lavf61.9.107

  Stream #0:0: Audio: pcm_s16le, 192000 Hz, stereo, s16, 6144 kb/s

    Metadata:

      encoder         : Lavc61.33.102 pcm_s16le

[Parsed_loudnorm_0 @ 0000017fa26117c0]

{

	"input_i" : "-23.98",

	"input_tp" : "-13.41",

	"input_lra" : "4.80",

	"input_thresh" : "-37.20",

	"output_i" : "-26.07",

	"output_tp" : "-15.60",

	"output_lra" : "4.90",

	"output_thresh" : "-39.22",

	"normalization_type" : "dynamic",

	"target_offset" : "0.07"

}

[out#0/null @ 0000017fa3e74a40] video:0KiB audio:11250KiB subtitle:0KiB other streams:0KiB global headers:0KiB muxing overhead: unknown

size=N/A time=00:00:15.00 bitrate=N/A speed=52.1x
