[mp3 @ 00000203503a6480] Estimating duration from bitrate, this may be inaccurate

Input #0, mp3, from 'C:\Users\kazda\kiro\mage-arena-audio\docs\audio\audition\r4\arena-C-reed-oath.mp3':

  Metadata:

    encoder         : Lavf60.16.101

  Duration: 00:02:30.05, start: 0.000000, bitrate: 128 kb/s

  Stream #0:0: Audio: mp3 (mp3float), 44100 Hz, stereo, fltp, 128 kb/s

Stream mapping:

  Stream #0:0 -> #0:0 (mp3 (mp3float) -> pcm_s16le (native))

Output #0, wav, to 'C:\Users\kazda\kiro\mage-arena-audio\docs\audio\audition\r4\arena-C-reed-oath\master-48k.wav':

  Metadata:

    ISFT            : Lavf61.9.107

  Stream #0:0: Audio: pcm_s16le ([1][0][0][0] / 0x0001), 48000 Hz, stereo, s16, 1536 kb/s

    Metadata:

      encoder         : Lavc61.33.102 pcm_s16le

[Parsed_loudnorm_0 @ 000002034ea519c0]

{

	"input_i" : "-13.56",

	"input_tp" : "-1.00",

	"input_lra" : "8.40",

	"input_thresh" : "-23.91",

	"output_i" : "-25.96",

	"output_tp" : "-13.41",

	"output_lra" : "8.40",

	"output_thresh" : "-36.28",

	"normalization_type" : "linear",

	"target_offset" : "-0.04"

}

[out#0/wav @ 00000203503b8240] video:0KiB audio:28125KiB subtitle:0KiB other streams:0KiB global headers:0KiB muxing overhead: 0.000271%

size=   28125KiB time=00:02:30.00 bitrate=1536.0kbits/s speed= 358x
