[aist#0:0/pcm_s16le @ 000001b5c06cf640] Guessed Channel Layout: stereo

Input #0, wav, from 'C:\Users\kazda\kiro\mage-arena-audio\docs\audio\audition\r4\arena-D-lyre-under-iron\section-2-theme-statement.wav':

  Metadata:

    encoder         : Lavf61.9.107

  Duration: 00:00:30.00, bitrate: 1536 kb/s

  Stream #0:0: Audio: pcm_s16le ([1][0][0][0] / 0x0001), 48000 Hz, stereo, s16, 1536 kb/s

Stream mapping:

  Stream #0:0 -> #0:0 (pcm_s16le (native) -> pcm_s16le (native))

Output #0, null, to 'pipe:':

  Metadata:

    encoder         : Lavf61.9.107

  Stream #0:0: Audio: pcm_s16le, 192000 Hz, stereo, s16, 6144 kb/s

    Metadata:

      encoder         : Lavc61.33.102 pcm_s16le

size=N/A time=00:00:24.40 bitrate=N/A speed=47.3x
[Parsed_loudnorm_0 @ 000001b5beeb1800]

{

	"input_i" : "-27.95",

	"input_tp" : "-13.50",

	"input_lra" : "5.60",

	"input_thresh" : "-37.96",

	"output_i" : "-25.00",

	"output_tp" : "-10.78",

	"output_lra" : "4.00",

	"output_thresh" : "-35.00",

	"normalization_type" : "dynamic",

	"target_offset" : "-1.00"

}

[out#0/null @ 000001b5c06d8080] video:0KiB audio:22500KiB subtitle:0KiB other streams:0KiB global headers:0KiB muxing overhead: unknown

size=N/A time=00:00:30.00 bitrate=N/A speed=50.3x
