[aist#0:0/pcm_s16le @ 0000022e2bce7f80] Guessed Channel Layout: stereo

Input #0, wav, from 'C:\Users\kazda\kiro\mage-arena-audio\docs\audio\audition\r4\arena-D-lyre-under-iron\section-3-development.wav':

  Metadata:

    encoder         : Lavf61.9.107

  Duration: 00:00:30.00, bitrate: 1536 kb/s

  Stream #0:0: Audio: pcm_s16le ([1][0][0][0] / 0x0001), 48000 Hz, stereo, s16, 1536 kb/s

Stream mapping:

  Stream #0:0 -> #0:0 (pcm_s16le (native) -> pcm_s16le (native))

Output #0, null, to 'pipe:':

  Metadata:

    encoder         : Lavf61.9.107

  Stream #0:0: Audio: pcm_s16le, 192000 Hz, stereo, s16, 6144 kb/s

    Metadata:

      encoder         : Lavc61.33.102 pcm_s16le

size=N/A time=00:00:26.20 bitrate=N/A speed=  50x
[Parsed_loudnorm_0 @ 0000022e2a4217c0]

{

	"input_i" : "-25.95",

	"input_tp" : "-13.16",

	"input_lra" : "5.00",

	"input_thresh" : "-36.00",

	"output_i" : "-25.44",

	"output_tp" : "-12.35",

	"output_lra" : "4.10",

	"output_thresh" : "-35.49",

	"normalization_type" : "dynamic",

	"target_offset" : "-0.56"

}

[out#0/null @ 0000022e2bd44a40] video:0KiB audio:22500KiB subtitle:0KiB other streams:0KiB global headers:0KiB muxing overhead: unknown

size=N/A time=00:00:30.00 bitrate=N/A speed=52.4x
