[aist#0:0/pcm_s16le @ 0000013538e67f80] Guessed Channel Layout: stereo

Input #0, wav, from 'C:\Users\kazda\kiro\mage-arena-audio\docs\audio\audition\r4\arena-D-lyre-under-iron\master-48k.wav':

  Metadata:

    encoder         : Lavf61.9.107

  Duration: 00:02:30.00, bitrate: 1536 kb/s

  Stream #0:0: Audio: pcm_s16le ([1][0][0][0] / 0x0001), 48000 Hz, stereo, s16, 1536 kb/s

Stream mapping:

  Stream #0:0 -> #0:0 (pcm_s16le (native) -> pcm_s16le (native))

Output #0, null, to 'pipe:':

  Metadata:

    encoder         : Lavf61.9.107

  Stream #0:0: Audio: pcm_s16le, 192000 Hz, stereo, s16, 6144 kb/s

    Metadata:

      encoder         : Lavc61.33.102 pcm_s16le

size=N/A time=00:00:27.70 bitrate=N/A speed=54.1x
size=N/A time=00:00:56.70 bitrate=N/A speed=54.7x
size=N/A time=00:01:25.90 bitrate=N/A speed=55.1x
size=N/A time=00:01:54.90 bitrate=N/A speed=55.2x
size=N/A time=00:02:22.70 bitrate=N/A speed=55.2x
[Parsed_loudnorm_0 @ 00000135375817c0]

{

	"input_i" : "-26.00",

	"input_tp" : "-12.75",

	"input_lra" : "9.00",

	"input_thresh" : "-36.37",

	"output_i" : "-24.50",

	"output_tp" : "-6.68",

	"output_lra" : "4.70",

	"output_thresh" : "-34.81",

	"normalization_type" : "dynamic",

	"target_offset" : "-1.50"

}

[out#0/null @ 0000013538ec4a40] video:0KiB audio:112500KiB subtitle:0KiB other streams:0KiB global headers:0KiB muxing overhead: unknown

size=N/A time=00:02:30.00 bitrate=N/A speed=55.5x
