[aist#0:0/pcm_s16le @ 000001f194907f80] Guessed Channel Layout: stereo

Input #0, wav, from 'C:\Users\kazda\kiro\mage-arena-audio\docs\audio\audition\r4\arena-D-lyre-under-iron\section-5-climax.wav':

  Metadata:

    encoder         : Lavf61.9.107

  Duration: 00:00:30.00, bitrate: 1536 kb/s

  Stream #0:0: Audio: pcm_s16le ([1][0][0][0] / 0x0001), 48000 Hz, stereo, s16, 1536 kb/s

Stream mapping:

  Stream #0:0 -> #0:0 (pcm_s16le (native) -> pcm_s16le (native))

Output #0, null, to 'pipe:':

  Metadata:

    encoder         : Lavf61.9.107

  Stream #0:0: Audio: pcm_s16le, 192000 Hz, stereo, s16, 6144 kb/s

    Metadata:

      encoder         : Lavc61.33.102 pcm_s16le

size=N/A time=00:00:25.00 bitrate=N/A speed=47.6x
[Parsed_loudnorm_0 @ 000001f192f617c0]

{

	"input_i" : "-24.62",

	"input_tp" : "-12.95",

	"input_lra" : "3.40",

	"input_thresh" : "-34.62",

	"output_i" : "-26.21",

	"output_tp" : "-14.43",

	"output_lra" : "3.40",

	"output_thresh" : "-36.21",

	"normalization_type" : "dynamic",

	"target_offset" : "0.21"

}

[out#0/null @ 000001f194964a40] video:0KiB audio:22500KiB subtitle:0KiB other streams:0KiB global headers:0KiB muxing overhead: unknown

size=N/A time=00:00:30.00 bitrate=N/A speed=47.7x
