[aist#0:0/pcm_s16le @ 0000027e0e497f80] Guessed Channel Layout: stereo

Input #0, wav, from 'C:\Users\kazda\kiro\mage-arena-audio\docs\audio\audition\r4\arena-C-reed-oath\section-2-theme-statement.wav':

  Metadata:

    encoder         : Lavf61.9.107

  Duration: 00:00:30.00, bitrate: 1536 kb/s

  Stream #0:0: Audio: pcm_s16le ([1][0][0][0] / 0x0001), 48000 Hz, stereo, s16, 1536 kb/s

Stream mapping:

  Stream #0:0 -> #0:0 (pcm_s16le (native) -> pcm_s16le (native))

Output #0, null, to 'pipe:':

  Metadata:

    encoder         : Lavf61.9.107

  Stream #0:0: Audio: pcm_s16le, 192000 Hz, stereo, s16, 6144 kb/s

    Metadata:

      encoder         : Lavc61.33.102 pcm_s16le

size=N/A time=00:00:21.20 bitrate=N/A speed=42.1x
[Parsed_loudnorm_0 @ 0000027e0cb717c0]

{

	"input_i" : "-29.01",

	"input_tp" : "-14.09",

	"input_lra" : "5.20",

	"input_thresh" : "-39.01",

	"output_i" : "-24.67",

	"output_tp" : "-9.76",

	"output_lra" : "3.80",

	"output_thresh" : "-34.67",

	"normalization_type" : "dynamic",

	"target_offset" : "-1.33"

}

[out#0/null @ 0000027e0e4f4a40] video:0KiB audio:22500KiB subtitle:0KiB other streams:0KiB global headers:0KiB muxing overhead: unknown

size=N/A time=00:00:30.00 bitrate=N/A speed=  45x
