[aist#0:0/pcm_s16le @ 00000199dc7ebdc0] Guessed Channel Layout: stereo

Input #0, wav, from 'C:\Users\kazda\kiro\mage-arena-audio\docs\audio\audition\r4\arena-D-lyre-under-iron\sting-5s.wav':

  Metadata:

    encoder         : Lavf61.9.107

  Duration: 00:00:05.00, bitrate: 1536 kb/s

  Stream #0:0: Audio: pcm_s16le ([1][0][0][0] / 0x0001), 48000 Hz, stereo, s16, 1536 kb/s

Stream mapping:

  Stream #0:0 -> #0:0 (pcm_s16le (native) -> pcm_s16le (native))

Output #0, null, to 'pipe:':

  Metadata:

    encoder         : Lavf61.9.107

  Stream #0:0: Audio: pcm_s16le, 192000 Hz, stereo, s16, 6144 kb/s

    Metadata:

      encoder         : Lavc61.33.102 pcm_s16le

[Parsed_loudnorm_0 @ 00000199dae117c0]

{

	"input_i" : "-23.83",

	"input_tp" : "-12.75",

	"input_lra" : "6.00",

	"input_thresh" : "-34.25",

	"output_i" : "-25.92",

	"output_tp" : "-15.14",

	"output_lra" : "5.60",

	"output_thresh" : "-36.22",

	"normalization_type" : "dynamic",

	"target_offset" : "-0.08"

}

[out#0/null @ 00000199dc732780] video:0KiB audio:3750KiB subtitle:0KiB other streams:0KiB global headers:0KiB muxing overhead: unknown

size=N/A time=00:00:05.00 bitrate=N/A speed=56.3x
